09-Jul-2026 00:11:17.862 INFO [main] org.apache.catalina.core.ApplicationContext.log ContextListener: contextInitialized()
09-Jul-2026 00:11:17.863 INFO [main] org.apache.catalina.core.ApplicationContext.log SessionListener: contextInitialized()
09-Jul-2026 00:11:17.867 INFO [main] org.apache.catalina.core.ApplicationContext.log ContextListener: attributeAdded('StockTicker', 'async.Stockticker@138fe6ec')
09-Jul-2026 00:11:26.870 SEVERE [http-nio-8080-exec-2] org.apache.catalina.core.StandardWrapperValve.invoke Servlet.service() for servlet [org.abhinav.servlet.UserServlet] in context with path [/servlet-crud-app] threw exception
	java.lang.NullPointerException: Cannot invoke "org.abhinav.model.User.getId()" because "user" is null
		at org.abhinav.servlet.UserServlet.userToJson(UserServlet.java:91)
		at org.abhinav.servlet.UserServlet.doGet(UserServlet.java:73)
		at jakarta.servlet.http.HttpServlet.service(HttpServlet.java:622)
		at jakarta.servlet.http.HttpServlet.service(HttpServlet.java:710)
		at org.apache.catalina.core.ApplicationFilterChain.doFilter(ApplicationFilterChain.java:132)
		at org.apache.tomcat.websocket.server.WsFilter.doFilter(WsFilter.java:59)
		at org.apache.catalina.core.ApplicationFilterChain.doFilter(ApplicationFilterChain.java:111)
		at org.apache.catalina.core.StandardWrapperValve.invoke(StandardWrapperValve.java:165)
		at org.apache.catalina.core.StandardContextValve.invoke(StandardContextValve.java:77)
		at org.apache.catalina.authenticator.AuthenticatorBase.invoke(AuthenticatorBase.java:535)
		at org.apache.catalina.core.StandardHostValve.invoke(StandardHostValve.java:115)
		at org.apache.catalina.valves.ErrorReportValve.invoke(ErrorReportValve.java:86)
		at org.apache.catalina.valves.AbstractAccessLogValve.invoke(AbstractAccessLogValve.java:782)
		at org.apache.catalina.core.StandardEngineValve.invoke(StandardEngineValve.java:71)
		at org.apache.catalina.connector.CoyoteAdapter.service(CoyoteAdapter.java:347)
		at org.apache.coyote.http11.Http11Processor.service(Http11Processor.java:406)
		at org.apache.coyote.AbstractProcessorLight.process(AbstractProcessorLight.java:71)
		at org.apache.coyote.AbstractProtocol$ConnectionHandler.process(AbstractProtocol.java:1307)
		at org.apache.tomcat.util.net.NioEndpoint$SocketProcessor.doRun(NioEndpoint.java:2036)
		at org.apache.tomcat.util.net.SocketProcessorBase.run(SocketProcessorBase.java:74)
		at org.apache.tomcat.util.threads.ThreadPoolExecutor.runWorker(ThreadPoolExecutor.java:949)
		at org.apache.tomcat.util.threads.ThreadPoolExecutor$Worker.run(ThreadPoolExecutor.java:483)
		at org.apache.tomcat.util.threads.TaskThread$WrappingRunnable.run(TaskThread.java:74)
		at java.base/java.lang.Thread.run(Thread.java:1583)
